------------------------------------------------------------
Timing Analyzer Summary
------------------------------------------------------------

Type  : Slow 1100mV 85C Model Setup 'clk'
Slack : -36.692
TNS   : -697.206

Type  : Slow 1100mV 85C Model Hold 'clk'
Slack : 0.554
TNS   : 0.000

Type  : Slow 1100mV 85C Model Minimum Pulse Width 'clk'
Slack : -0.724
TNS   : -119.839

Type  : Slow 1100mV 0C Model Setup 'clk'
Slack : -38.813
TNS   : -715.811

Type  : Slow 1100mV 0C Model Hold 'clk'
Slack : 0.561
TNS   : 0.000

Type  : Slow 1100mV 0C Model Minimum Pulse Width 'clk'
Slack : -0.724
TNS   : -119.703

Type  : Fast 1100mV 85C Model Setup 'clk'
Slack : -13.308
TNS   : -219.741

Type  : Fast 1100mV 85C Model Hold 'clk'
Slack : 0.201
TNS   : 0.000

Type  : Fast 1100mV 85C Model Minimum Pulse Width 'clk'
Slack : -0.091
TNS   : -9.255

Type  : Fast 1100mV 0C Model Setup 'clk'
Slack : -12.406
TNS   : -195.315

Type  : Fast 1100mV 0C Model Hold 'clk'
Slack : 0.192
TNS   : 0.000

Type  : Fast 1100mV 0C Model Minimum Pulse Width 'clk'
Slack : -0.091
TNS   : -9.402

------------------------------------------------------------
