Analysis & Synthesis report for simulat
Thu Apr 04 00:05:49 2019
Quartus Prime Version 18.1.0 Build 625 09/12/2018 SJ Lite Edition


---------------------
; Table of Contents ;
---------------------
  1. Legal Notice
  2. Analysis & Synthesis Summary
  3. Analysis & Synthesis Settings
  4. Parallel Compilation
  5. Analysis & Synthesis Source Files Read
  6. Analysis & Synthesis Resource Usage Summary
  7. Analysis & Synthesis Resource Utilization by Entity
  8. Registers Removed During Synthesis
  9. General Register Statistics
 10. Parameter Settings for User Entity Instance: Top-level Entity: |analog_filter
 11. Parameter Settings for Inferred Entity Instance: lpm_divide:Div0
 12. Post-Synthesis Netlist Statistics for Top Partition
 13. Elapsed Time Per Partition
 14. Analysis & Synthesis Messages



----------------
; Legal Notice ;
----------------
Copyright (C) 2018  Intel Corporation. All rights reserved.
Your use of Intel Corporation's design tools, logic functions 
and other software and tools, and its AMPP partner logic 
functions, and any output files from any of the foregoing 
(including device programming or simulation files), and any 
associated documentation or information are expressly subject 
to the terms and conditions of the Intel Program License 
Subscription Agreement, the Intel Quartus Prime License Agreement,
the Intel FPGA IP License Agreement, or other applicable license
agreement, including, without limitation, that your use is for
the sole purpose of programming logic devices manufactured by
Intel and sold by Intel or its authorized distributors.  Please
refer to the applicable agreement for further details.



+-------------------------------------------------------------------------------+
; Analysis & Synthesis Summary                                                  ;
+---------------------------------+---------------------------------------------+
; Analysis & Synthesis Status     ; Successful - Thu Apr 04 00:05:49 2019       ;
; Quartus Prime Version           ; 18.1.0 Build 625 09/12/2018 SJ Lite Edition ;
; Revision Name                   ; simulat                                     ;
; Top-level Entity Name           ; analog_filter                               ;
; Family                          ; Cyclone V                                   ;
; Logic utilization (in ALMs)     ; N/A                                         ;
; Total registers                 ; 103                                         ;
; Total pins                      ; 42                                          ;
; Total virtual pins              ; 0                                           ;
; Total block memory bits         ; 0                                           ;
; Total DSP Blocks                ; 0                                           ;
; Total HSSI RX PCSs              ; 0                                           ;
; Total HSSI PMA RX Deserializers ; 0                                           ;
; Total HSSI TX PCSs              ; 0                                           ;
; Total HSSI PMA TX Serializers   ; 0                                           ;
; Total PLLs                      ; 0                                           ;
; Total DLLs                      ; 0                                           ;
+---------------------------------+---------------------------------------------+


+---------------------------------------------------------------------------------------------------------------------------+
; Analysis & Synthesis Settings                                                                                             ;
+---------------------------------------------------------------------------------+--------------------+--------------------+
; Option                                                                          ; Setting            ; Default Value      ;
+---------------------------------------------------------------------------------+--------------------+--------------------+
; Device                                                                          ; 5CGXFC7C7F23C8     ;                    ;
; Top-level entity name                                                           ; analog_filter      ; simulat            ;
; Family name                                                                     ; Cyclone V          ; Cyclone V          ;
; Use smart compilation                                                           ; Off                ; Off                ;
; Enable parallel Assembler and Timing Analyzer during compilation                ; On                 ; On                 ;
; Enable compact report table                                                     ; Off                ; Off                ;
; Restructure Multiplexers                                                        ; Auto               ; Auto               ;
; MLAB Add Timing Constraints For Mixed-Port Feed-Through Mode Setting Don't Care ; Off                ; Off                ;
; Create Debugging Nodes for IP Cores                                             ; Off                ; Off                ;
; Preserve fewer node names                                                       ; On                 ; On                 ;
; Intel FPGA IP Evaluation Mode                                                   ; Enable             ; Enable             ;
; Verilog Version                                                                 ; Verilog_2001       ; Verilog_2001       ;
; VHDL Version                                                                    ; VHDL_1993          ; VHDL_1993          ;
; State Machine Processing                                                        ; Auto               ; Auto               ;
; Safe State Machine                                                              ; Off                ; Off                ;
; Extract Verilog State Machines                                                  ; On                 ; On                 ;
; Extract VHDL State Machines                                                     ; On                 ; On                 ;
; Ignore Verilog initial constructs                                               ; Off                ; Off                ;
; Iteration limit for constant Verilog loops                                      ; 5000               ; 5000               ;
; Iteration limit for non-constant Verilog loops                                  ; 250                ; 250                ;
; Add Pass-Through Logic to Inferred RAMs                                         ; On                 ; On                 ;
; Infer RAMs from Raw Logic                                                       ; On                 ; On                 ;
; Parallel Synthesis                                                              ; On                 ; On                 ;
; DSP Block Balancing                                                             ; Auto               ; Auto               ;
; NOT Gate Push-Back                                                              ; On                 ; On                 ;
; Power-Up Don't Care                                                             ; On                 ; On                 ;
; Remove Redundant Logic Cells                                                    ; Off                ; Off                ;
; Remove Duplicate Registers                                                      ; On                 ; On                 ;
; Ignore CARRY Buffers                                                            ; Off                ; Off                ;
; Ignore CASCADE Buffers                                                          ; Off                ; Off                ;
; Ignore GLOBAL Buffers                                                           ; Off                ; Off                ;
; Ignore ROW GLOBAL Buffers                                                       ; Off                ; Off                ;
; Ignore LCELL Buffers                                                            ; Off                ; Off                ;
; Ignore SOFT Buffers                                                             ; On                 ; On                 ;
; Limit AHDL Integers to 32 Bits                                                  ; Off                ; Off                ;
; Optimization Technique                                                          ; Balanced           ; Balanced           ;
; Carry Chain Length                                                              ; 70                 ; 70                 ;
; Auto Carry Chains                                                               ; On                 ; On                 ;
; Auto Open-Drain Pins                                                            ; On                 ; On                 ;
; Perform WYSIWYG Primitive Resynthesis                                           ; Off                ; Off                ;
; Auto ROM Replacement                                                            ; On                 ; On                 ;
; Auto RAM Replacement                                                            ; On                 ; On                 ;
; Auto DSP Block Replacement                                                      ; On                 ; On                 ;
; Auto Shift Register Replacement                                                 ; Auto               ; Auto               ;
; Allow Shift Register Merging across Hierarchies                                 ; Auto               ; Auto               ;
; Auto Clock Enable Replacement                                                   ; On                 ; On                 ;
; Strict RAM Replacement                                                          ; Off                ; Off                ;
; Allow Synchronous Control Signals                                               ; On                 ; On                 ;
; Force Use of Synchronous Clear Signals                                          ; Off                ; Off                ;
; Auto Resource Sharing                                                           ; Off                ; Off                ;
; Allow Any RAM Size For Recognition                                              ; Off                ; Off                ;
; Allow Any ROM Size For Recognition                                              ; Off                ; Off                ;
; Allow Any Shift Register Size For Recognition                                   ; Off                ; Off                ;
; Use LogicLock Constraints during Resource Balancing                             ; On                 ; On                 ;
; Ignore translate_off and synthesis_off directives                               ; Off                ; Off                ;
; Timing-Driven Synthesis                                                         ; On                 ; On                 ;
; Report Parameter Settings                                                       ; On                 ; On                 ;
; Report Source Assignments                                                       ; On                 ; On                 ;
; Report Connectivity Checks                                                      ; On                 ; On                 ;
; Ignore Maximum Fan-Out Assignments                                              ; Off                ; Off                ;
; Synchronization Register Chain Length                                           ; 3                  ; 3                  ;
; Power Optimization During Synthesis                                             ; Normal compilation ; Normal compilation ;
; HDL message level                                                               ; Level2             ; Level2             ;
; Suppress Register Optimization Related Messages                                 ; Off                ; Off                ;
; Number of Removed Registers Reported in Synthesis Report                        ; 5000               ; 5000               ;
; Number of Swept Nodes Reported in Synthesis Report                              ; 5000               ; 5000               ;
; Number of Inverted Registers Reported in Synthesis Report                       ; 100                ; 100                ;
; Clock MUX Protection                                                            ; On                 ; On                 ;
; Auto Gated Clock Conversion                                                     ; Off                ; Off                ;
; Block Design Naming                                                             ; Auto               ; Auto               ;
; SDC constraint protection                                                       ; Off                ; Off                ;
; Synthesis Effort                                                                ; Auto               ; Auto               ;
; Shift Register Replacement - Allow Asynchronous Clear Signal                    ; On                 ; On                 ;
; Pre-Mapping Resynthesis Optimization                                            ; Off                ; Off                ;
; Analysis & Synthesis Message Level                                              ; Medium             ; Medium             ;
; Disable Register Merging Across Hierarchies                                     ; Auto               ; Auto               ;
; Resource Aware Inference For Block RAM                                          ; On                 ; On                 ;
; Automatic Parallel Synthesis                                                    ; On                 ; On                 ;
; Partial Reconfiguration Bitstream ID                                            ; Off                ; Off                ;
+---------------------------------------------------------------------------------+--------------------+--------------------+


+------------------------------------------+
; Parallel Compilation                     ;
+----------------------------+-------------+
; Processors                 ; Number      ;
+----------------------------+-------------+
; Number detected on machine ; 8           ;
; Maximum allowed            ; 4           ;
;                            ;             ;
; Average used               ; 1.00        ;
; Maximum used               ; 4           ;
;                            ;             ;
; Usage by Processor         ; % Time Used ;
;     Processor 1            ; 100.0%      ;
;     Processors 2-4         ;   0.0%      ;
+----------------------------+-------------+


+------------------------------------------------------------------------------------------------------------------------------------------------------------------------------------+
; Analysis & Synthesis Source Files Read                                                                                                                                             ;
+----------------------------------+-----------------+------------------------------+--------------------------------------------------------------------------------------+---------+
; File Name with User-Entered Path ; Used in Netlist ; File Type                    ; File Name with Absolute Path                                                         ; Library ;
+----------------------------------+-----------------+------------------------------+--------------------------------------------------------------------------------------+---------+
; analog_filter.v                  ; yes             ; User Verilog HDL File        ; D:/GitHub/3d_printer/hps+fpga_marlin/quartus/simulat/analog_filter.v                 ;         ;
; lpm_divide.tdf                   ; yes             ; Megafunction                 ; d:/programms/intelfpga_lite/18.1/quartus/libraries/megafunctions/lpm_divide.tdf      ;         ;
; abs_divider.inc                  ; yes             ; Megafunction                 ; d:/programms/intelfpga_lite/18.1/quartus/libraries/megafunctions/abs_divider.inc     ;         ;
; sign_div_unsign.inc              ; yes             ; Megafunction                 ; d:/programms/intelfpga_lite/18.1/quartus/libraries/megafunctions/sign_div_unsign.inc ;         ;
; aglobal181.inc                   ; yes             ; Megafunction                 ; d:/programms/intelfpga_lite/18.1/quartus/libraries/megafunctions/aglobal181.inc      ;         ;
; db/lpm_divide_jbm.tdf            ; yes             ; Auto-Generated Megafunction  ; D:/GitHub/3d_printer/hps+fpga_marlin/quartus/simulat/db/lpm_divide_jbm.tdf           ;         ;
; db/sign_div_unsign_plh.tdf       ; yes             ; Auto-Generated Megafunction  ; D:/GitHub/3d_printer/hps+fpga_marlin/quartus/simulat/db/sign_div_unsign_plh.tdf      ;         ;
; db/alt_u_div_ove.tdf             ; yes             ; Auto-Generated Megafunction  ; D:/GitHub/3d_printer/hps+fpga_marlin/quartus/simulat/db/alt_u_div_ove.tdf            ;         ;
+----------------------------------+-----------------+------------------------------+--------------------------------------------------------------------------------------+---------+


+---------------------------------------------------------+
; Analysis & Synthesis Resource Usage Summary             ;
+---------------------------------------------+-----------+
; Resource                                    ; Usage     ;
+---------------------------------------------+-----------+
; Estimate of Logic utilization (ALMs needed) ; 117       ;
;                                             ;           ;
; Combinational ALUT usage for logic          ; 219       ;
;     -- 7 input functions                    ; 0         ;
;     -- 6 input functions                    ; 8         ;
;     -- 5 input functions                    ; 23        ;
;     -- 4 input functions                    ; 22        ;
;     -- <=3 input functions                  ; 166       ;
;                                             ;           ;
; Dedicated logic registers                   ; 103       ;
;                                             ;           ;
; I/O pins                                    ; 42        ;
;                                             ;           ;
; Total DSP Blocks                            ; 0         ;
;                                             ;           ;
; Maximum fan-out node                        ; clk~input ;
; Maximum fan-out                             ; 103       ;
; Total fan-out                               ; 978       ;
; Average fan-out                             ; 2.41      ;
+---------------------------------------------+-----------+


+-------------------------------------------------------------------------------------------------------------------------------------------------------------------------------------------------------------------------------------------------------------------------------------------------------+
; Analysis & Synthesis Resource Utilization by Entity                                                                                                                                                                                                                                                   ;
+----------------------------------------+---------------------+---------------------------+-------------------+------------+------+--------------+----------------------------------------------------------------------------------------------------------------+---------------------+--------------+
; Compilation Hierarchy Node             ; Combinational ALUTs ; Dedicated Logic Registers ; Block Memory Bits ; DSP Blocks ; Pins ; Virtual Pins ; Full Hierarchy Name                                                                                            ; Entity Name         ; Library Name ;
+----------------------------------------+---------------------+---------------------------+-------------------+------------+------+--------------+----------------------------------------------------------------------------------------------------------------+---------------------+--------------+
; |analog_filter                         ; 219 (114)           ; 103 (103)                 ; 0                 ; 0          ; 42   ; 0            ; |analog_filter                                                                                                 ; analog_filter       ; work         ;
;    |lpm_divide:Div0|                   ; 105 (0)             ; 0 (0)                     ; 0                 ; 0          ; 0    ; 0            ; |analog_filter|lpm_divide:Div0                                                                                 ; lpm_divide          ; work         ;
;       |lpm_divide_jbm:auto_generated|  ; 105 (0)             ; 0 (0)                     ; 0                 ; 0          ; 0    ; 0            ; |analog_filter|lpm_divide:Div0|lpm_divide_jbm:auto_generated                                                   ; lpm_divide_jbm      ; work         ;
;          |sign_div_unsign_plh:divider| ; 105 (0)             ; 0 (0)                     ; 0                 ; 0          ; 0    ; 0            ; |analog_filter|lpm_divide:Div0|lpm_divide_jbm:auto_generated|sign_div_unsign_plh:divider                       ; sign_div_unsign_plh ; work         ;
;             |alt_u_div_ove:divider|    ; 105 (105)           ; 0 (0)                     ; 0                 ; 0          ; 0    ; 0            ; |analog_filter|lpm_divide:Div0|lpm_divide_jbm:auto_generated|sign_div_unsign_plh:divider|alt_u_div_ove:divider ; alt_u_div_ove       ; work         ;
+----------------------------------------+---------------------+---------------------------+-------------------+------------+------+--------------+----------------------------------------------------------------------------------------------------------------+---------------------+--------------+
Note: For table entries with two numbers listed, the numbers in parentheses indicate the number of resources of the given type used by the specific entity alone. The numbers listed outside of parentheses indicate the total resources of the given type used by the specific entity and all of its sub-entities in the hierarchy.


+--------------------------------------------------------------------------------+
; Registers Removed During Synthesis                                             ;
+---------------------------------------+----------------------------------------+
; Register name                         ; Reason for Removal                     ;
+---------------------------------------+----------------------------------------+
; out1[15,16]                           ; Stuck at GND due to stuck port data_in ;
; Total Number of Removed Registers = 2 ;                                        ;
+---------------------------------------+----------------------------------------+


+------------------------------------------------------+
; General Register Statistics                          ;
+----------------------------------------------+-------+
; Statistic                                    ; Value ;
+----------------------------------------------+-------+
; Total registers                              ; 103   ;
; Number of registers using Synchronous Clear  ; 16    ;
; Number of registers using Synchronous Load   ; 0     ;
; Number of registers using Asynchronous Clear ; 0     ;
; Number of registers using Asynchronous Load  ; 0     ;
; Number of registers using Clock Enable       ; 24    ;
; Number of registers using Preset             ; 0     ;
+----------------------------------------------+-------+


+-------------------------------------------------------------------------------+
; Parameter Settings for User Entity Instance: Top-level Entity: |analog_filter ;
+----------------+-------+------------------------------------------------------+
; Parameter Name ; Value ; Type                                                 ;
+----------------+-------+------------------------------------------------------+
; samples        ; 5     ; Signed Integer                                       ;
+----------------+-------+------------------------------------------------------+
Note: In order to hide this table in the UI and the text report file, please set the "Show Parameter Settings in Synthesis Report" option in "Analysis and Synthesis Settings -> More Settings" to "Off".


+------------------------------------------------------------------+
; Parameter Settings for Inferred Entity Instance: lpm_divide:Div0 ;
+------------------------+----------------+------------------------+
; Parameter Name         ; Value          ; Type                   ;
+------------------------+----------------+------------------------+
; LPM_WIDTHN             ; 16             ; Untyped                ;
; LPM_WIDTHD             ; 3              ; Untyped                ;
; LPM_NREPRESENTATION    ; UNSIGNED       ; Untyped                ;
; LPM_DREPRESENTATION    ; UNSIGNED       ; Untyped                ;
; LPM_PIPELINE           ; 0              ; Untyped                ;
; LPM_REMAINDERPOSITIVE  ; TRUE           ; Untyped                ;
; MAXIMIZE_SPEED         ; 5              ; Untyped                ;
; CBXI_PARAMETER         ; lpm_divide_jbm ; Untyped                ;
; CARRY_CHAIN            ; MANUAL         ; Untyped                ;
; OPTIMIZE_FOR_SPEED     ; 5              ; Untyped                ;
; AUTO_CARRY_CHAINS      ; ON             ; AUTO_CARRY             ;
; IGNORE_CARRY_BUFFERS   ; OFF            ; IGNORE_CARRY           ;
; AUTO_CASCADE_CHAINS    ; ON             ; AUTO_CASCADE           ;
; IGNORE_CASCADE_BUFFERS ; OFF            ; IGNORE_CASCADE         ;
+------------------------+----------------+------------------------+
Note: In order to hide this table in the UI and the text report file, please set the "Show Parameter Settings in Synthesis Report" option in "Analysis and Synthesis Settings -> More Settings" to "Off".


+-----------------------------------------------------+
; Post-Synthesis Netlist Statistics for Top Partition ;
+-----------------------+-----------------------------+
; Type                  ; Count                       ;
+-----------------------+-----------------------------+
; arriav_ff             ; 103                         ;
;     ENA               ; 24                          ;
;     SCLR              ; 16                          ;
;     plain             ; 63                          ;
; arriav_lcell_comb     ; 220                         ;
;     arith             ; 113                         ;
;         0 data inputs ; 17                          ;
;         1 data inputs ; 43                          ;
;         2 data inputs ; 14                          ;
;         3 data inputs ; 15                          ;
;         4 data inputs ; 12                          ;
;         5 data inputs ; 12                          ;
;     normal            ; 93                          ;
;         0 data inputs ; 1                           ;
;         1 data inputs ; 12                          ;
;         2 data inputs ; 14                          ;
;         3 data inputs ; 37                          ;
;         4 data inputs ; 10                          ;
;         5 data inputs ; 11                          ;
;         6 data inputs ; 8                           ;
;     shared            ; 14                          ;
;         0 data inputs ; 2                           ;
;         3 data inputs ; 12                          ;
; boundary_port         ; 42                          ;
;                       ;                             ;
; Max LUT depth         ; 36.30                       ;
; Average LUT depth     ; 28.99                       ;
+-----------------------+-----------------------------+


+-------------------------------+
; Elapsed Time Per Partition    ;
+----------------+--------------+
; Partition Name ; Elapsed Time ;
+----------------+--------------+
; Top            ; 00:00:02     ;
+----------------+--------------+


+-------------------------------+
; Analysis & Synthesis Messages ;
+-------------------------------+
Info: *******************************************************************
Info: Running Quartus Prime Analysis & Synthesis
    Info: Version 18.1.0 Build 625 09/12/2018 SJ Lite Edition
    Info: Processing started: Thu Apr 04 00:05:21 2019
Info: Command: quartus_map --read_settings_files=on --write_settings_files=off simulat -c simulat
Warning (18236): Number of processors has not been specified which may cause overloading on shared machines.  Set the global assignment NUM_PARALLEL_PROCESSORS in your QSF to an appropriate value for best performance.
Info (20030): Parallel compilation is enabled and will use 4 of the 4 processors detected
Info (12021): Found 1 design units, including 1 entities, in source file analog_filter.v
    Info (12023): Found entity 1: analog_filter File: D:/GitHub/3d_printer/hps+fpga_marlin/quartus/simulat/analog_filter.v Line: 1
Info (12021): Found 1 design units, including 1 entities, in source file stepper_z.v
    Info (12023): Found entity 1: stepper_z File: D:/GitHub/3d_printer/hps+fpga_marlin/quartus/simulat/stepper_z.v Line: 1
Info (12021): Found 1 design units, including 1 entities, in source file stepper_extruder.v
    Info (12023): Found entity 1: stepper_extruder File: D:/GitHub/3d_printer/hps+fpga_marlin/quartus/simulat/stepper_extruder.v Line: 1
Info (12021): Found 1 design units, including 1 entities, in source file clk_gen.v
    Info (12023): Found entity 1: clk_gen File: D:/GitHub/3d_printer/hps+fpga_marlin/quartus/simulat/clk_gen.v Line: 1
Info (12021): Found 1 design units, including 1 entities, in source file driver_stepper.v
    Info (12023): Found entity 1: driver_stepper File: D:/GitHub/3d_printer/hps+fpga_marlin/quartus/simulat/driver_stepper.v Line: 1
Info (12021): Found 1 design units, including 1 entities, in source file stepper_corexy.v
    Info (12023): Found entity 1: stepper_corexy File: D:/GitHub/3d_printer/hps+fpga_marlin/quartus/simulat/stepper_corexy.v Line: 1
Info (12021): Found 1 design units, including 1 entities, in source file home_g28.v
    Info (12023): Found entity 1: home_g28 File: D:/GitHub/3d_printer/hps+fpga_marlin/quartus/simulat/home_g28.v Line: 1
Info (12021): Found 1 design units, including 1 entities, in source file heater_control.v
    Info (12023): Found entity 1: heater_control File: D:/GitHub/3d_printer/hps+fpga_marlin/quartus/simulat/heater_control.v Line: 1
Info (12021): Found 1 design units, including 1 entities, in source file stepper_corexy_new.v
    Info (12023): Found entity 1: stepper_corexy_new File: D:/GitHub/3d_printer/hps+fpga_marlin/quartus/simulat/stepper_corexy_new.v Line: 1
Info (12021): Found 1 design units, including 1 entities, in source file stepper_controller.v
    Info (12023): Found entity 1: stepper_controller File: D:/GitHub/3d_printer/hps+fpga_marlin/quartus/simulat/stepper_controller.v Line: 1
Critical Warning (10846): Verilog HDL Instantiation warning at stepper_controller.v(167): instance has no name File: D:/GitHub/3d_printer/hps+fpga_marlin/quartus/simulat/stepper_controller.v Line: 167
Info (12127): Elaborating entity "analog_filter" for the top level hierarchy
Warning (10230): Verilog HDL assignment warning at analog_filter.v(17): truncated value with size 32 to match size of target (16) File: D:/GitHub/3d_printer/hps+fpga_marlin/quartus/simulat/analog_filter.v Line: 17
Warning (10230): Verilog HDL assignment warning at analog_filter.v(21): truncated value with size 32 to match size of target (16) File: D:/GitHub/3d_printer/hps+fpga_marlin/quartus/simulat/analog_filter.v Line: 21
Warning (10230): Verilog HDL assignment warning at analog_filter.v(25): truncated value with size 32 to match size of target (17) File: D:/GitHub/3d_printer/hps+fpga_marlin/quartus/simulat/analog_filter.v Line: 25
Info (278001): Inferred 1 megafunctions from design logic
    Info (278004): Inferred divider/modulo megafunction ("lpm_divide") from the following logic: "Div0" File: D:/GitHub/3d_printer/hps+fpga_marlin/quartus/simulat/analog_filter.v Line: 25
Info (12130): Elaborated megafunction instantiation "lpm_divide:Div0" File: D:/GitHub/3d_printer/hps+fpga_marlin/quartus/simulat/analog_filter.v Line: 25
Info (12133): Instantiated megafunction "lpm_divide:Div0" with the following parameter: File: D:/GitHub/3d_printer/hps+fpga_marlin/quartus/simulat/analog_filter.v Line: 25
    Info (12134): Parameter "LPM_WIDTHN" = "16"
    Info (12134): Parameter "LPM_WIDTHD" = "3"
    Info (12134): Parameter "LPM_NREPRESENTATION" = "UNSIGNED"
    Info (12134): Parameter "LPM_DREPRESENTATION" = "UNSIGNED"
Info (12021): Found 1 design units, including 1 entities, in source file db/lpm_divide_jbm.tdf
    Info (12023): Found entity 1: lpm_divide_jbm File: D:/GitHub/3d_printer/hps+fpga_marlin/quartus/simulat/db/lpm_divide_jbm.tdf Line: 24
Info (12021): Found 1 design units, including 1 entities, in source file db/sign_div_unsign_plh.tdf
    Info (12023): Found entity 1: sign_div_unsign_plh File: D:/GitHub/3d_printer/hps+fpga_marlin/quartus/simulat/db/sign_div_unsign_plh.tdf Line: 24
Info (12021): Found 1 design units, including 1 entities, in source file db/alt_u_div_ove.tdf
    Info (12023): Found entity 1: alt_u_div_ove File: D:/GitHub/3d_printer/hps+fpga_marlin/quartus/simulat/db/alt_u_div_ove.tdf Line: 22
Warning (13024): Output pins are stuck at VCC or GND
    Warning (13410): Pin "outt[15]" is stuck at GND File: D:/GitHub/3d_printer/hps+fpga_marlin/quartus/simulat/analog_filter.v Line: 5
    Warning (13410): Pin "outt[16]" is stuck at GND File: D:/GitHub/3d_printer/hps+fpga_marlin/quartus/simulat/analog_filter.v Line: 5
Info (286030): Timing-Driven Synthesis is running
Info (16010): Generating hard_block partition "hard_block:auto_generated_inst"
    Info (16011): Adding 0 node(s), including 0 DDIO, 0 PLL, 0 transceiver and 0 LCELL
Info (21057): Implemented 336 device resources after synthesis - the final resource count might be different
    Info (21058): Implemented 13 input pins
    Info (21059): Implemented 29 output pins
    Info (21061): Implemented 294 logic cells
Info: Quartus Prime Analysis & Synthesis was successful. 0 errors, 8 warnings
    Info: Peak virtual memory: 4852 megabytes
    Info: Processing ended: Thu Apr 04 00:05:49 2019
    Info: Elapsed time: 00:00:28
    Info: Total CPU time (on all processors): 00:01:09


