Flow report for printer
Tue Dec 18 20:06:36 2018
Quartus Prime Version 16.0.0 Build 211 04/27/2016 SJ Lite Edition


---------------------
; Table of Contents ;
---------------------
  1. Legal Notice
  2. Flow Summary
  3. Flow Settings
  4. Flow Non-Default Global Settings
  5. Flow Elapsed Time
  6. Flow OS Summary
  7. Flow Log
  8. Flow Messages
  9. Flow Suppressed Messages



----------------
; Legal Notice ;
----------------
Copyright (C) 1991-2016 Altera Corporation. All rights reserved.
Your use of Altera Corporation's design tools, logic functions 
and other software and tools, and its AMPP partner logic 
functions, and any output files from any of the foregoing 
(including device programming or simulation files), and any 
associated documentation or information are expressly subject 
to the terms and conditions of the Altera Program License 
Subscription Agreement, the Altera Quartus Prime License Agreement,
the Altera MegaCore Function License Agreement, or other 
applicable license agreement, including, without limitation, 
that your use is for the sole purpose of programming logic 
devices manufactured by Altera and sold by Altera or its 
authorized distributors.  Please refer to the applicable 
agreement for further details.



+-------------------------------------------------------------------------------+
; Flow Summary                                                                  ;
+---------------------------------+---------------------------------------------+
; Flow Status                     ; Successful - Tue Dec 18 20:04:38 2018       ;
; Quartus Prime Version           ; 16.0.0 Build 211 04/27/2016 SJ Lite Edition ;
; Revision Name                   ; printer                                     ;
; Top-level Entity Name           ; printer                                     ;
; Family                          ; Cyclone V                                   ;
; Device                          ; 5CSEBA6U23I7                                ;
; Timing Models                   ; Final                                       ;
; Logic utilization (in ALMs)     ; 185 / 41,910 ( < 1 % )                      ;
; Total registers                 ; 474                                         ;
; Total pins                      ; 190 / 314 ( 61 % )                          ;
; Total virtual pins              ; 0                                           ;
; Total block memory bits         ; 0 / 5,662,720 ( 0 % )                       ;
; Total DSP Blocks                ; 0 / 112 ( 0 % )                             ;
; Total HSSI RX PCSs              ; 0                                           ;
; Total HSSI PMA RX Deserializers ; 0                                           ;
; Total HSSI TX PCSs              ; 0                                           ;
; Total HSSI PMA TX Serializers   ; 0                                           ;
; Total PLLs                      ; 0 / 6 ( 0 % )                               ;
; Total DLLs                      ; 1 / 4 ( 25 % )                              ;
+---------------------------------+---------------------------------------------+


+-----------------------------------------+
; Flow Settings                           ;
+-------------------+---------------------+
; Option            ; Setting             ;
+-------------------+---------------------+
; Start date & time ; 12/18/2018 19:52:18 ;
; Main task         ; Compilation         ;
; Revision Name     ; printer             ;
+-------------------+---------------------+


+--------------------------------------------------------------------------------------------------------------------------+
; Flow Non-Default Global Settings                                                                                         ;
+---------------------------------------+---------------------------------------+---------------+-------------+------------+
; Assignment Name                       ; Value                                 ; Default Value ; Entity Name ; Section Id ;
+---------------------------------------+---------------------------------------+---------------+-------------+------------+
; COMPILER_SIGNATURE_ID                 ; 53447161791564.154515193717808        ; --            ; --          ; --         ;
; ECO_REGENERATE_REPORT                 ; On                                    ; Off           ; --          ; --         ;
; MAX_CORE_JUNCTION_TEMP                ; 100                                   ; --            ; --          ; --         ;
; MIN_CORE_JUNCTION_TEMP                ; -40                                   ; --            ; --          ; --         ;
; PARTITION_COLOR                       ; 16764057                              ; --            ; --          ; Top        ;
; PARTITION_FITTER_PRESERVATION_LEVEL   ; PLACEMENT_AND_ROUTING                 ; --            ; --          ; Top        ;
; PARTITION_NETLIST_TYPE                ; SOURCE                                ; --            ; --          ; Top        ;
; POWER_BOARD_THERMAL_MODEL             ; None (CONSERVATIVE)                   ; --            ; --          ; --         ;
; POWER_PRESET_COOLING_SOLUTION         ; 23 MM HEAT SINK WITH 200 LFPM AIRFLOW ; --            ; --          ; --         ;
; USE_DLL_FREQUENCY_FOR_DQS_DELAY_CHAIN ; On                                    ; Off           ; --          ; --         ;
+---------------------------------------+---------------------------------------+---------------+-------------+------------+


+-------------------------------------------------------------------------------------------------------------------------------+
; Flow Elapsed Time                                                                                                             ;
+---------------------------+--------------+-------------------------+---------------------+------------------------------------+
; Module Name               ; Elapsed Time ; Average Processors Used ; Peak Virtual Memory ; Total CPU Time (on all processors) ;
+---------------------------+--------------+-------------------------+---------------------+------------------------------------+
; Analysis & Synthesis      ; 00:04:15     ; 1.0                     ; 5318 MB             ; 00:08:40                           ;
; Fitter                    ; 00:06:27     ; 1.0                     ; 6920 MB             ; 00:07:39                           ;
; Assembler                 ; 00:00:50     ; 1.0                     ; 5084 MB             ; 00:00:25                           ;
; TimeQuest Timing Analyzer ; 00:01:52     ; 1.0                     ; 6032 MB             ; 00:01:31                           ;
; Total                     ; 00:13:24     ; --                      ; --                  ; 00:18:15                           ;
+---------------------------+--------------+-------------------------+---------------------+------------------------------------+


+----------------------------------------------------------------------------------------+
; Flow OS Summary                                                                        ;
+---------------------------+------------------+-----------+------------+----------------+
; Module Name               ; Machine Hostname ; OS Name   ; OS Version ; Processor type ;
+---------------------------+------------------+-----------+------------+----------------+
; Analysis & Synthesis      ; MSI              ; Windows 8 ; 6.2        ; x86_64         ;
; Fitter                    ; MSI              ; Windows 8 ; 6.2        ; x86_64         ;
; Assembler                 ; MSI              ; Windows 8 ; 6.2        ; x86_64         ;
; TimeQuest Timing Analyzer ; MSI              ; Windows 8 ; 6.2        ; x86_64         ;
+---------------------------+------------------+-----------+------------+----------------+


------------
; Flow Log ;
------------
quartus_map --read_settings_files=on --write_settings_files=off printer -c printer
quartus_fit --read_settings_files=off --write_settings_files=off printer -c printer
quartus_asm --read_settings_files=off --write_settings_files=off printer -c printer
quartus_sta printer -c printer



